<html>
<body>
<pre>
<h1>礦ision Build Log</h1>
<h2>Project:</h2>
F:\大三下\实验课Laboratory Course\IoT_Lab\五类传感器实验代码\3.5震动传感器采集实验\shake\USER\shake.uvproj
Project File Date:  01/27/2016

<h2>Output:</h2>
Rebuild target 'Target 1'
assembling startup_stm32f10x_md.s...
compiling main.c...
compiling sensor.c...
compiling stm32f10x_gpio.c...
compiling stm32f10x_rcc.c...
compiling stm32f10x_usart.c...
compiling misc.c...
compiling core_cm3.c...
compiling system_stm32f10x.c...
compiling delay.c...
compiling gpio.c...
compiling uart.c...
linking...
Program Size: Code=5276 RO-data=268 RW-data=48 ZI-data=1192  
FromELF: creating hex file...
"..\Output\STM32-shake.axf" - 0 Error(s), 0 Warning(s).
Load "..\\Output\\STM32-shake.axf" 
Error: Flash Download failed  -  Target DLL has been cancelled
Load "..\\Output\\STM32-shake.axf" 
Full Chip Erase Done.
Programming Done.
Verify OK.
Application running ...
</pre>
</body>
</html>
