<html>
<body>
<pre>
<h1>礦ision Build Log</h1>
<h2>Project:</h2>
F:\大三下\实验课Laboratory Course\IoT_Lab\五类传感器实验代码\3.1 光敏传感器采集实验\photosensitive\USER\photosensitive.uvproj
Project File Date:  12/31/2015

<h2>Output:</h2>
Rebuild target 'Target 1'
assembling startup_stm32f10x_md.s...
compiling main.c...
main.c(67): warning:  #870-D: invalid multibyte character sequence
                                printf("?111饷舻缱璺盅梗?0.1f V\r\n",value); // 通过串口2上传 
main.c(67): warning:  #870-D: invalid multibyte character sequence
                                printf("?111饷舻缱璺盅梗?0.1f V\r\n",value); // 通过串口2上传 
main.c: 2 warnings, 0 errors
compiling sensor.c...
compiling stm32f10x_gpio.c...
compiling stm32f10x_rcc.c...
compiling stm32f10x_usart.c...
compiling misc.c...
compiling stm32f10x_adc.c...
compiling core_cm3.c...
compiling system_stm32f10x.c...
compiling delay.c...
compiling gpio.c...
compiling uart.c...
linking...
Program Size: Code=10172 RO-data=268 RW-data=52 ZI-data=1268  
FromELF: creating hex file...
"..\Output\STM32-photosensitve.axf" - 0 Error(s), 2 Warning(s).
Load "..\\Output\\STM32-photosensitve.axf" 
Full Chip Erase Done.
Programming Done.
Verify OK.
Application running ...
</pre>
</body>
</html>
