<html>
<body>
<pre>
<h1>礦ision Build Log</h1>
<h2>Project:</h2>
F:\大三下\实验课Laboratory Course\IoT_Lab\五类传感器实验代码\3.3 温湿度传感器采集实验\temp_humi\USER\temp_humi.uvproj
Project File Date:  12/26/2015

<h2>Output:</h2>
</pre>
</body>
</html>

assembling startup_stm32f10x_md.s...
compiling main.c...
compiling sensor.c...
sensor.c(207): warning:  #181-D: argument is incompatible with corresponding format string conversion
                printf("humi: %u%% %RH,temp: %u ℃\r\n", h, t);         // 通过USART2打印温湿度值
sensor.c(207): warning:  #224-D: the format string requires additional arguments
                printf("humi: %u%% %RH,temp: %u ℃\r\n", h, t);         // 通过USART2打印温湿度值
sensor.c: 2 warnings, 0 errors
compiling stm32f10x_gpio.c...
compiling stm32f10x_rcc.c...
compiling stm32f10x_usart.c...
compiling misc.c...
compiling core_cm3.c...
compiling system_stm32f10x.c...
compiling delay.c...
compiling gpio.c...
compiling uart.c...
linking...
Program Size: Code=6108 RO-data=268 RW-data=68 ZI-data=1188  
FromELF: creating hex file...
"..\Output\STM32-temp_humi.axf" - 0 Error(s), 2 Warning(s).
Load "..\\Output\\STM32-temp_humi.axf" 
Full Chip Erase Done.
Programming Done.
Verify OK.
Application running ...
</pre>
</body>
</html>
